build	Build Debug APK	﻿2026-02-19T11:09:04.2693354Z ##[group]Run gradle clean assembleDebug --stacktrace --no-daemon --console=plain
build	Build Debug APK	2026-02-19T11:09:04.2694547Z [36;1mgradle clean assembleDebug --stacktrace --no-daemon --console=plain[0m
build	Build Debug APK	2026-02-19T11:09:04.2746311Z shell: /usr/bin/bash -e {0}
build	Build Debug APK	2026-02-19T11:09:04.2746573Z env:
build	Build Debug APK	2026-02-19T11:09:04.2746863Z   JAVA_HOME: /opt/hostedtoolcache/Java_Temurin-Hotspot_jdk/17.0.18-8/x64
build	Build Debug APK	2026-02-19T11:09:04.2747359Z   JAVA_HOME_17_X64: /opt/hostedtoolcache/Java_Temurin-Hotspot_jdk/17.0.18-8/x64
build	Build Debug APK	2026-02-19T11:09:04.2747981Z   GRADLE_ACTION_ID: gradle/actions/setup-gradle
build	Build Debug APK	2026-02-19T11:09:04.2748305Z   GRADLE_BUILD_ACTION_SETUP_COMPLETED: true
build	Build Debug APK	2026-02-19T11:09:04.2748580Z   GRADLE_BUILD_ACTION_CACHE_RESTORED: true
build	Build Debug APK	2026-02-19T11:09:04.2748978Z   DEVELOCITY_INJECTION_INIT_SCRIPT_NAME: gradle-actions.inject-develocity.init.gradle
build	Build Debug APK	2026-02-19T11:09:04.2749448Z   DEVELOCITY_AUTO_INJECTION_CUSTOM_VALUE: gradle-actions
build	Build Debug APK	2026-02-19T11:09:04.2749751Z   GITHUB_DEPENDENCY_GRAPH_ENABLED: false
build	Build Debug APK	2026-02-19T11:09:04.2749986Z ##[endgroup]
build	Build Debug APK	2026-02-19T11:09:05.3852310Z 
build	Build Debug APK	2026-02-19T11:09:05.3855971Z Welcome to Gradle 8.7!
build	Build Debug APK	2026-02-19T11:09:05.3856530Z 
build	Build Debug APK	2026-02-19T11:09:05.3865006Z Here are the highlights of this release:
build	Build Debug APK	2026-02-19T11:09:05.3869607Z  - Compiling and testing with Java 22
build	Build Debug APK	2026-02-19T11:09:05.3869940Z  - Cacheable Groovy script compilation
build	Build Debug APK	2026-02-19T11:09:05.3870240Z  - New methods in lazy collection properties
build	Build Debug APK	2026-02-19T11:09:05.3870453Z 
build	Build Debug APK	2026-02-19T11:09:05.3870668Z For more details see https://docs.gradle.org/8.7/release-notes.html
build	Build Debug APK	2026-02-19T11:09:05.3870992Z 
build	Build Debug APK	2026-02-19T11:09:05.6841316Z To honour the JVM settings for this build a single-use Daemon process will be forked. For more on this, please refer to https://docs.gradle.org/8.7/userguide/gradle_daemon.html#sec:disabling_the_daemon in the Gradle documentation.
build	Build Debug APK	2026-02-19T11:09:08.1836999Z Daemon will be stopped at the end of the build 
build	Build Debug APK	2026-02-19T11:10:57.8909461Z > Task :app:clean UP-TO-DATE
build	Build Debug APK	2026-02-19T11:10:57.8914214Z > Task :app:preBuild UP-TO-DATE
build	Build Debug APK	2026-02-19T11:10:57.8914714Z > Task :app:preDebugBuild UP-TO-DATE
build	Build Debug APK	2026-02-19T11:10:57.8915252Z > Task :app:mergeDebugNativeDebugMetadata NO-SOURCE
build	Build Debug APK	2026-02-19T11:10:57.8916001Z > Task :app:checkKotlinGradlePluginConfigurationErrors SKIPPED
build	Build Debug APK	2026-02-19T11:11:27.8835704Z > Task :app:checkDebugAarMetadata
build	Build Debug APK	2026-02-19T11:12:20.1838293Z > Task :app:generateDebugResValues
build	Build Debug APK	2026-02-19T11:12:20.3839340Z > Task :app:mapDebugSourceSetPaths
build	Build Debug APK	2026-02-19T11:12:20.3839888Z > Task :app:generateDebugResources
build	Build Debug APK	2026-02-19T11:12:21.1835352Z > Task :app:packageDebugResources
build	Build Debug APK	2026-02-19T11:12:21.7835463Z > Task :app:mergeDebugResources
build	Build Debug APK	2026-02-19T11:12:22.2842607Z > Task :app:createDebugCompatibleScreenManifests
build	Build Debug APK	2026-02-19T11:12:22.2843344Z > Task :app:extractDeepLinksDebug
build	Build Debug APK	2026-02-19T11:12:22.3838547Z > Task :app:parseDebugLocalResources
build	Build Debug APK	2026-02-19T11:12:22.5836306Z > Task :app:processDebugMainManifest
build	Build Debug APK	2026-02-19T11:12:22.6843107Z > Task :app:processDebugManifest
build	Build Debug APK	2026-02-19T11:12:22.6859632Z > Task :app:javaPreCompileDebug
build	Build Debug APK	2026-02-19T11:12:22.6865833Z > Task :app:mergeDebugShaders
build	Build Debug APK	2026-02-19T11:12:22.6866318Z > Task :app:compileDebugShaders NO-SOURCE
build	Build Debug APK	2026-02-19T11:12:22.6866824Z > Task :app:generateDebugAssets UP-TO-DATE
build	Build Debug APK	2026-02-19T11:12:22.8846812Z > Task :app:mergeDebugAssets
build	Build Debug APK	2026-02-19T11:12:22.8849954Z > Task :app:desugarDebugFileDependencies
build	Build Debug APK	2026-02-19T11:12:25.1835100Z > Task :app:compressDebugAssets
build	Build Debug APK	2026-02-19T11:12:26.0865242Z > Task :app:mergeDebugStartupProfile
build	Build Debug APK	2026-02-19T11:12:26.0865782Z > Task :app:mergeDebugJniLibFolders
build	Build Debug APK	2026-02-19T11:12:26.1845050Z > Task :app:checkDebugDuplicateClasses
build	Build Debug APK	2026-02-19T11:12:26.1848093Z > Task :app:mergeDebugNativeLibs NO-SOURCE
build	Build Debug APK	2026-02-19T11:12:52.6854772Z > Task :app:processDebugManifestForPackage
build	Build Debug APK	2026-02-19T11:12:56.1834986Z > Task :app:mergeExtDexDebug
build	Build Debug APK	2026-02-19T11:13:45.6835675Z > Task :app:mergeLibDexDebug
build	Build Debug APK	2026-02-19T11:13:49.5835844Z > Task :app:stripDebugDebugSymbols NO-SOURCE
build	Build Debug APK	2026-02-19T11:13:50.1838100Z > Task :app:processDebugResources
build	Build Debug APK	2026-02-19T11:13:50.4835192Z > Task :app:validateSigningDebug
build	Build Debug APK	2026-02-19T11:14:00.8835641Z > Task :app:writeDebugAppMetadata
build	Build Debug APK	2026-02-19T11:14:00.9852030Z > Task :app:writeDebugSigningConfigVersions
build	Build Debug APK	2026-02-19T11:14:11.9840167Z 
build	Build Debug APK	2026-02-19T11:14:11.9848831Z > Task :app:compileDebugKotlin FAILED
build	Build Debug APK	2026-02-19T11:14:11.9874313Z e: file:///home/runner/work/PaperKnifePlus/PaperKnifePlus/app/src/main/java/com/paperknifeplus/app/ui/components/CompressView.kt:172:29 No parameter with name 'password' found.
build	Build Debug APK	2026-02-19T11:14:11.9876616Z e: file:///home/runner/work/PaperKnifePlus/PaperKnifePlus/app/src/main/java/com/paperknifeplus/app/ui/components/CompressView.kt:173:29 No parameter with name 'onPasswordChange' found.
build	Build Debug APK	2026-02-19T11:14:11.9879329Z e: file:///home/runner/work/PaperKnifePlus/PaperKnifePlus/app/src/main/java/com/paperknifeplus/app/ui/components/CompressView.kt:173:67 Unresolved reference 'it'.
build	Build Debug APK	2026-02-19T11:14:11.9881452Z e: file:///home/runner/work/PaperKnifePlus/PaperKnifePlus/app/src/main/java/com/paperknifeplus/app/ui/components/CompressView.kt:174:29 No parameter with name 'onUnlock' found.
build	Build Debug APK	2026-02-19T11:14:11.9883664Z e: file:///home/runner/work/PaperKnifePlus/PaperKnifePlus/app/src/main/java/com/paperknifeplus/app/ui/components/CompressView.kt:194:29 No parameter with name 'onCancel' found.
build	Build Debug APK	2026-02-19T11:14:11.9886028Z e: file:///home/runner/work/PaperKnifePlus/PaperKnifePlus/app/src/main/java/com/paperknifeplus/app/ui/components/CompressView.kt:195:29 No value passed for parameter 'onDismiss'.
build	Build Debug APK	2026-02-19T11:14:11.9888253Z e: file:///home/runner/work/PaperKnifePlus/PaperKnifePlus/app/src/main/java/com/paperknifeplus/app/ui/components/CompressView.kt:195:29 No value passed for parameter 'onUnlocked'.
build	Build Debug APK	2026-02-19T11:14:11.9901481Z e: file:///home/runner/work/PaperKnifePlus/PaperKnifePlus/app/src/main/java/com/paperknifeplus/app/ui/components/DeleteView.kt:161:29 No parameter with name 'password' found.
build	Build Debug APK	2026-02-19T11:14:11.9922175Z e: file:///home/runner/work/PaperKnifePlus/PaperKnifePlus/app/src/main/java/com/paperknifeplus/app/ui/components/DeleteView.kt:162:29 No parameter with name 'onPasswordChange' found.
build	Build Debug APK	2026-02-19T11:14:11.9924600Z e: file:///home/runner/work/PaperKnifePlus/PaperKnifePlus/app/src/main/java/com/paperknifeplus/app/ui/components/DeleteView.kt:162:67 Unresolved reference 'it'.
build	Build Debug APK	2026-02-19T11:14:11.9926736Z e: file:///home/runner/work/PaperKnifePlus/PaperKnifePlus/app/src/main/java/com/paperknifeplus/app/ui/components/DeleteView.kt:163:29 No parameter with name 'onUnlock' found.
build	Build Debug APK	2026-02-19T11:14:11.9928934Z e: file:///home/runner/work/PaperKnifePlus/PaperKnifePlus/app/src/main/java/com/paperknifeplus/app/ui/components/DeleteView.kt:183:29 No parameter with name 'onCancel' found.
build	Build Debug APK	2026-02-19T11:14:11.9931158Z e: file:///home/runner/work/PaperKnifePlus/PaperKnifePlus/app/src/main/java/com/paperknifeplus/app/ui/components/DeleteView.kt:184:29 No value passed for parameter 'onDismiss'.
build	Build Debug APK	2026-02-19T11:14:11.9933394Z e: file:///home/runner/work/PaperKnifePlus/PaperKnifePlus/app/src/main/java/com/paperknifeplus/app/ui/components/DeleteView.kt:184:29 No value passed for parameter 'onUnlocked'.
build	Build Debug APK	2026-02-19T11:14:11.9935833Z e: file:///home/runner/work/PaperKnifePlus/PaperKnifePlus/app/src/main/java/com/paperknifeplus/app/ui/components/ExtractImagesView.kt:190:29 No parameter with name 'password' found.
build	Build Debug APK	2026-02-19T11:14:11.9938157Z e: file:///home/runner/work/PaperKnifePlus/PaperKnifePlus/app/src/main/java/com/paperknifeplus/app/ui/components/ExtractImagesView.kt:191:29 No parameter with name 'onPasswordChange' found.
build	Build Debug APK	2026-02-19T11:14:11.9940390Z e: file:///home/runner/work/PaperKnifePlus/PaperKnifePlus/app/src/main/java/com/paperknifeplus/app/ui/components/ExtractImagesView.kt:191:67 Unresolved reference 'it'.
build	Build Debug APK	2026-02-19T11:14:11.9942627Z e: file:///home/runner/work/PaperKnifePlus/PaperKnifePlus/app/src/main/java/com/paperknifeplus/app/ui/components/ExtractImagesView.kt:192:29 No parameter with name 'onUnlock' found.
build	Build Debug APK	2026-02-19T11:14:11.9945085Z e: file:///home/runner/work/PaperKnifePlus/PaperKnifePlus/app/src/main/java/com/paperknifeplus/app/ui/components/ExtractImagesView.kt:210:29 No parameter with name 'onCancel' found.
build	Build Debug APK	2026-02-19T11:14:11.9947719Z e: file:///home/runner/work/PaperKnifePlus/PaperKnifePlus/app/src/main/java/com/paperknifeplus/app/ui/components/ExtractImagesView.kt:211:29 No value passed for parameter 'onDismiss'.
build	Build Debug APK	2026-02-19T11:14:11.9950048Z e: file:///home/runner/work/PaperKnifePlus/PaperKnifePlus/app/src/main/java/com/paperknifeplus/app/ui/components/ExtractImagesView.kt:211:29 No value passed for parameter 'onUnlocked'.
build	Build Debug APK	2026-02-19T11:14:11.9952267Z e: file:///home/runner/work/PaperKnifePlus/PaperKnifePlus/app/src/main/java/com/paperknifeplus/app/ui/components/GrayscaleView.kt:173:29 No parameter with name 'password' found.
build	Build Debug APK	2026-02-19T11:14:11.9954967Z e: file:///home/runner/work/PaperKnifePlus/PaperKnifePlus/app/src/main/java/com/paperknifeplus/app/ui/components/GrayscaleView.kt:174:29 No parameter with name 'onPasswordChange' found.
build	Build Debug APK	2026-02-19T11:14:11.9957166Z e: file:///home/runner/work/PaperKnifePlus/PaperKnifePlus/app/src/main/java/com/paperknifeplus/app/ui/components/GrayscaleView.kt:174:67 Unresolved reference 'it'.
build	Build Debug APK	2026-02-19T11:14:11.9959313Z e: file:///home/runner/work/PaperKnifePlus/PaperKnifePlus/app/src/main/java/com/paperknifeplus/app/ui/components/GrayscaleView.kt:175:29 No parameter with name 'onUnlock' found.
build	Build Debug APK	2026-02-19T11:14:11.9961537Z e: file:///home/runner/work/PaperKnifePlus/PaperKnifePlus/app/src/main/java/com/paperknifeplus/app/ui/components/GrayscaleView.kt:195:29 No parameter with name 'onCancel' found.
build	Build Debug APK	2026-02-19T11:14:11.9963774Z e: file:///home/runner/work/PaperKnifePlus/PaperKnifePlus/app/src/main/java/com/paperknifeplus/app/ui/components/GrayscaleView.kt:196:29 No value passed for parameter 'onDismiss'.
build	Build Debug APK	2026-02-19T11:14:12.0013092Z e: file:///home/runner/work/PaperKnifePlus/PaperKnifePlus/app/src/main/java/com/paperknifeplus/app/ui/components/GrayscaleView.kt:196:29 No value passed for parameter 'onUnlocked'.
build	Build Debug APK	2026-02-19T11:14:12.0015737Z e: file:///home/runner/work/PaperKnifePlus/PaperKnifePlus/app/src/main/java/com/paperknifeplus/app/ui/components/MetadataView.kt:175:29 No parameter with name 'password' found.
build	Build Debug APK	2026-02-19T11:14:12.0018108Z e: file:///home/runner/work/PaperKnifePlus/PaperKnifePlus/app/src/main/java/com/paperknifeplus/app/ui/components/MetadataView.kt:176:29 No parameter with name 'onPasswordChange' found.
build	Build Debug APK	2026-02-19T11:14:12.0020253Z e: file:///home/runner/work/PaperKnifePlus/PaperKnifePlus/app/src/main/java/com/paperknifeplus/app/ui/components/MetadataView.kt:176:67 Unresolved reference 'it'.
build	Build Debug APK	2026-02-19T11:14:12.0022412Z e: file:///home/runner/work/PaperKnifePlus/PaperKnifePlus/app/src/main/java/com/paperknifeplus/app/ui/components/MetadataView.kt:177:29 No parameter with name 'onUnlock' found.
build	Build Debug APK	2026-02-19T11:14:12.0026352Z e: file:///home/runner/work/PaperKnifePlus/PaperKnifePlus/app/src/main/java/com/paperknifeplus/app/ui/components/MetadataView.kt:200:29 No parameter with name 'onCancel' found.
build	Build Debug APK	2026-02-19T11:14:12.0028649Z e: file:///home/runner/work/PaperKnifePlus/PaperKnifePlus/app/src/main/java/com/paperknifeplus/app/ui/components/MetadataView.kt:201:29 No value passed for parameter 'onDismiss'.
build	Build Debug APK	2026-02-19T11:14:12.0031200Z e: file:///home/runner/work/PaperKnifePlus/PaperKnifePlus/app/src/main/java/com/paperknifeplus/app/ui/components/MetadataView.kt:201:29 No value passed for parameter 'onUnlocked'.
build	Build Debug APK	2026-02-19T11:14:12.0033448Z e: file:///home/runner/work/PaperKnifePlus/PaperKnifePlus/app/src/main/java/com/paperknifeplus/app/ui/components/PdfToImageView.kt:158:25 No parameter with name 'password' found.
build	Build Debug APK	2026-02-19T11:14:12.0036393Z e: file:///home/runner/work/PaperKnifePlus/PaperKnifePlus/app/src/main/java/com/paperknifeplus/app/ui/components/PdfToImageView.kt:159:25 No parameter with name 'onPasswordChange' found.
build	Build Debug APK	2026-02-19T11:14:12.0038583Z e: file:///home/runner/work/PaperKnifePlus/PaperKnifePlus/app/src/main/java/com/paperknifeplus/app/ui/components/PdfToImageView.kt:159:63 Unresolved reference 'it'.
build	Build Debug APK	2026-02-19T11:14:12.0040730Z e: file:///home/runner/work/PaperKnifePlus/PaperKnifePlus/app/src/main/java/com/paperknifeplus/app/ui/components/PdfToImageView.kt:160:25 No parameter with name 'onUnlock' found.
build	Build Debug APK	2026-02-19T11:14:12.0043470Z e: file:///home/runner/work/PaperKnifePlus/PaperKnifePlus/app/src/main/java/com/paperknifeplus/app/ui/components/PdfToImageView.kt:176:25 No parameter with name 'onCancel' found.
build	Build Debug APK	2026-02-19T11:14:12.0045920Z e: file:///home/runner/work/PaperKnifePlus/PaperKnifePlus/app/src/main/java/com/paperknifeplus/app/ui/components/PdfToImageView.kt:177:25 No value passed for parameter 'onDismiss'.
build	Build Debug APK	2026-02-19T11:14:12.0048390Z e: file:///home/runner/work/PaperKnifePlus/PaperKnifePlus/app/src/main/java/com/paperknifeplus/app/ui/components/PdfToImageView.kt:177:25 No value passed for parameter 'onUnlocked'.
build	Build Debug APK	2026-02-19T11:14:12.0074881Z e: file:///home/runner/work/PaperKnifePlus/PaperKnifePlus/app/src/main/java/com/paperknifeplus/app/ui/components/PdfToTextView.kt:132:25 No parameter with name 'password' found.
build	Build Debug APK	2026-02-19T11:14:12.0077252Z e: file:///home/runner/work/PaperKnifePlus/PaperKnifePlus/app/src/main/java/com/paperknifeplus/app/ui/components/PdfToTextView.kt:133:25 No parameter with name 'onPasswordChange' found.
build	Build Debug APK	2026-02-19T11:14:12.0079456Z e: file:///home/runner/work/PaperKnifePlus/PaperKnifePlus/app/src/main/java/com/paperknifeplus/app/ui/components/PdfToTextView.kt:133:63 Unresolved reference 'it'.
build	Build Debug APK	2026-02-19T11:14:12.0081556Z e: file:///home/runner/work/PaperKnifePlus/PaperKnifePlus/app/src/main/java/com/paperknifeplus/app/ui/components/PdfToTextView.kt:134:25 No parameter with name 'onUnlock' found.
build	Build Debug APK	2026-02-19T11:14:12.0083771Z e: file:///home/runner/work/PaperKnifePlus/PaperKnifePlus/app/src/main/java/com/paperknifeplus/app/ui/components/PdfToTextView.kt:144:25 No parameter with name 'onCancel' found.
build	Build Debug APK	2026-02-19T11:14:12.0086179Z e: file:///home/runner/work/PaperKnifePlus/PaperKnifePlus/app/src/main/java/com/paperknifeplus/app/ui/components/PdfToTextView.kt:145:25 No value passed for parameter 'onDismiss'.
build	Build Debug APK	2026-02-19T11:14:12.0088467Z e: file:///home/runner/work/PaperKnifePlus/PaperKnifePlus/app/src/main/java/com/paperknifeplus/app/ui/components/PdfToTextView.kt:145:25 No value passed for parameter 'onUnlocked'.
build	Build Debug APK	2026-02-19T11:14:12.0090733Z e: file:///home/runner/work/PaperKnifePlus/PaperKnifePlus/app/src/main/java/com/paperknifeplus/app/ui/components/ProtectView.kt:168:29 No parameter with name 'password' found.
build	Build Debug APK	2026-02-19T11:14:12.0093032Z e: file:///home/runner/work/PaperKnifePlus/PaperKnifePlus/app/src/main/java/com/paperknifeplus/app/ui/components/ProtectView.kt:169:29 No parameter with name 'onPasswordChange' found.
build	Build Debug APK	2026-02-19T11:14:12.0095321Z e: file:///home/runner/work/PaperKnifePlus/PaperKnifePlus/app/src/main/java/com/paperknifeplus/app/ui/components/ProtectView.kt:169:67 Unresolved reference 'it'.
build	Build Debug APK	2026-02-19T11:14:12.0097406Z e: file:///home/runner/work/PaperKnifePlus/PaperKnifePlus/app/src/main/java/com/paperknifeplus/app/ui/components/ProtectView.kt:170:29 No parameter with name 'onUnlock' found.
build	Build Debug APK	2026-02-19T11:14:12.0099584Z e: file:///home/runner/work/PaperKnifePlus/PaperKnifePlus/app/src/main/java/com/paperknifeplus/app/ui/components/ProtectView.kt:188:29 No parameter with name 'onCancel' found.
build	Build Debug APK	2026-02-19T11:14:12.0101823Z e: file:///home/runner/work/PaperKnifePlus/PaperKnifePlus/app/src/main/java/com/paperknifeplus/app/ui/components/ProtectView.kt:189:29 No value passed for parameter 'onDismiss'.
build	Build Debug APK	2026-02-19T11:14:12.0131630Z e: file:///home/runner/work/PaperKnifePlus/PaperKnifePlus/app/src/main/java/com/paperknifeplus/app/ui/components/ProtectView.kt:189:29 No value passed for parameter 'onUnlocked'.
build	Build Debug APK	2026-02-19T11:14:12.0134163Z e: file:///home/runner/work/PaperKnifePlus/PaperKnifePlus/app/src/main/java/com/paperknifeplus/app/ui/components/RearrangeView.kt:171:29 No parameter with name 'password' found.
build	Build Debug APK	2026-02-19T11:14:12.0136482Z e: file:///home/runner/work/PaperKnifePlus/PaperKnifePlus/app/src/main/java/com/paperknifeplus/app/ui/components/RearrangeView.kt:172:29 No parameter with name 'onPasswordChange' found.
build	Build Debug APK	2026-02-19T11:14:12.0138701Z e: file:///home/runner/work/PaperKnifePlus/PaperKnifePlus/app/src/main/java/com/paperknifeplus/app/ui/components/RearrangeView.kt:172:67 Unresolved reference 'it'.
build	Build Debug APK	2026-02-19T11:14:12.0141158Z e: file:///home/runner/work/PaperKnifePlus/PaperKnifePlus/app/src/main/java/com/paperknifeplus/app/ui/components/RearrangeView.kt:173:29 No parameter with name 'onUnlock' found.
build	Build Debug APK	2026-02-19T11:14:12.0143379Z e: file:///home/runner/work/PaperKnifePlus/PaperKnifePlus/app/src/main/java/com/paperknifeplus/app/ui/components/RearrangeView.kt:193:29 No parameter with name 'onCancel' found.
build	Build Debug APK	2026-02-19T11:14:12.0145974Z e: file:///home/runner/work/PaperKnifePlus/PaperKnifePlus/app/src/main/java/com/paperknifeplus/app/ui/components/RearrangeView.kt:194:29 No value passed for parameter 'onDismiss'.
build	Build Debug APK	2026-02-19T11:14:12.0148239Z e: file:///home/runner/work/PaperKnifePlus/PaperKnifePlus/app/src/main/java/com/paperknifeplus/app/ui/components/RearrangeView.kt:194:29 No value passed for parameter 'onUnlocked'.
build	Build Debug APK	2026-02-19T11:14:12.0150471Z e: file:///home/runner/work/PaperKnifePlus/PaperKnifePlus/app/src/main/java/com/paperknifeplus/app/ui/components/RepairView.kt:152:29 No parameter with name 'password' found.
build	Build Debug APK	2026-02-19T11:14:12.0152886Z e: file:///home/runner/work/PaperKnifePlus/PaperKnifePlus/app/src/main/java/com/paperknifeplus/app/ui/components/RepairView.kt:153:29 No parameter with name 'onPasswordChange' found.
build	Build Debug APK	2026-02-19T11:14:12.0155220Z e: file:///home/runner/work/PaperKnifePlus/PaperKnifePlus/app/src/main/java/com/paperknifeplus/app/ui/components/RepairView.kt:153:67 Unresolved reference 'it'.
build	Build Debug APK	2026-02-19T11:14:12.0157295Z e: file:///home/runner/work/PaperKnifePlus/PaperKnifePlus/app/src/main/java/com/paperknifeplus/app/ui/components/RepairView.kt:154:29 No parameter with name 'onUnlock' found.
build	Build Debug APK	2026-02-19T11:14:12.0159452Z e: file:///home/runner/work/PaperKnifePlus/PaperKnifePlus/app/src/main/java/com/paperknifeplus/app/ui/components/RepairView.kt:172:29 No parameter with name 'onCancel' found.
build	Build Debug APK	2026-02-19T11:14:12.0161629Z e: file:///home/runner/work/PaperKnifePlus/PaperKnifePlus/app/src/main/java/com/paperknifeplus/app/ui/components/RepairView.kt:173:29 No value passed for parameter 'onDismiss'.
build	Build Debug APK	2026-02-19T11:14:12.0163959Z e: file:///home/runner/work/PaperKnifePlus/PaperKnifePlus/app/src/main/java/com/paperknifeplus/app/ui/components/RepairView.kt:173:29 No value passed for parameter 'onUnlocked'.
build	Build Debug APK	2026-02-19T11:14:12.0166123Z e: file:///home/runner/work/PaperKnifePlus/PaperKnifePlus/app/src/main/java/com/paperknifeplus/app/ui/components/RotateView.kt:162:29 No parameter with name 'password' found.
build	Build Debug APK	2026-02-19T11:14:12.0168315Z e: file:///home/runner/work/PaperKnifePlus/PaperKnifePlus/app/src/main/java/com/paperknifeplus/app/ui/components/RotateView.kt:163:29 No parameter with name 'onPasswordChange' found.
build	Build Debug APK	2026-02-19T11:14:12.0170407Z e: file:///home/runner/work/PaperKnifePlus/PaperKnifePlus/app/src/main/java/com/paperknifeplus/app/ui/components/RotateView.kt:163:67 Unresolved reference 'it'.
build	Build Debug APK	2026-02-19T11:14:12.0172518Z e: file:///home/runner/work/PaperKnifePlus/PaperKnifePlus/app/src/main/java/com/paperknifeplus/app/ui/components/RotateView.kt:164:29 No parameter with name 'onUnlock' found.
build	Build Debug APK	2026-02-19T11:14:12.0174803Z e: file:///home/runner/work/PaperKnifePlus/PaperKnifePlus/app/src/main/java/com/paperknifeplus/app/ui/components/RotateView.kt:184:29 No parameter with name 'onCancel' found.
build	Build Debug APK	2026-02-19T11:14:12.0176953Z e: file:///home/runner/work/PaperKnifePlus/PaperKnifePlus/app/src/main/java/com/paperknifeplus/app/ui/components/RotateView.kt:185:29 No value passed for parameter 'onDismiss'.
build	Build Debug APK	2026-02-19T11:14:12.0179123Z e: file:///home/runner/work/PaperKnifePlus/PaperKnifePlus/app/src/main/java/com/paperknifeplus/app/ui/components/RotateView.kt:185:29 No value passed for parameter 'onUnlocked'.
build	Build Debug APK	2026-02-19T11:14:12.0181271Z e: file:///home/runner/work/PaperKnifePlus/PaperKnifePlus/app/src/main/java/com/paperknifeplus/app/ui/components/SplitView.kt:173:29 No parameter with name 'password' found.
build	Build Debug APK	2026-02-19T11:14:12.0183440Z e: file:///home/runner/work/PaperKnifePlus/PaperKnifePlus/app/src/main/java/com/paperknifeplus/app/ui/components/SplitView.kt:174:29 No parameter with name 'onPasswordChange' found.
build	Build Debug APK	2026-02-19T11:14:12.0189855Z e: file:///home/runner/work/PaperKnifePlus/PaperKnifePlus/app/src/main/java/com/paperknifeplus/app/ui/components/SplitView.kt:174:67 Unresolved reference 'it'.
build	Build Debug APK	2026-02-19T11:14:12.0191979Z e: file:///home/runner/work/PaperKnifePlus/PaperKnifePlus/app/src/main/java/com/paperknifeplus/app/ui/components/SplitView.kt:175:29 No parameter with name 'onUnlock' found.
build	Build Debug APK	2026-02-19T11:14:12.0194555Z e: file:///home/runner/work/PaperKnifePlus/PaperKnifePlus/app/src/main/java/com/paperknifeplus/app/ui/components/SplitView.kt:195:29 No parameter with name 'onCancel' found.
build	Build Debug APK	2026-02-19T11:14:12.0196935Z e: file:///home/runner/work/PaperKnifePlus/PaperKnifePlus/app/src/main/java/com/paperknifeplus/app/ui/components/SplitView.kt:196:29 No value passed for parameter 'onDismiss'.
build	Build Debug APK	2026-02-19T11:14:12.0199061Z e: file:///home/runner/work/PaperKnifePlus/PaperKnifePlus/app/src/main/java/com/paperknifeplus/app/ui/components/SplitView.kt:196:29 No value passed for parameter 'onUnlocked'.
build	Build Debug APK	2026-02-19T11:14:12.0834243Z 
build	Build Debug APK	2026-02-19T11:14:12.0848891Z FAILURE: Build failed with an exception.
build	Build Debug APK	2026-02-19T11:14:12.0849630Z 
build	Build Debug APK	2026-02-19T11:14:12.0849923Z * What went wrong:
build	Build Debug APK	2026-02-19T11:14:12.0850525Z Execution failed for task ':app:compileDebugKotlin'.
build	Build Debug APK	2026-02-19T11:14:12.0851986Z > A failure occurred while executing org.jetbrains.kotlin.compilerRunner.GradleCompilerRunnerWithWorkers$GradleKotlinCompilerWorkAction
build	Build Debug APK	2026-02-19T11:14:12.0882779Z    > Compilation error. See log for more details
build	Build Debug APK	2026-02-19T11:14:12.0883179Z 
build	Build Debug APK	2026-02-19T11:14:12.0883284Z * Try:
build	Build Debug APK	2026-02-19T11:14:12.0883675Z > Run with --info or --debug option to get more log output.
build	Build Debug APK	2026-02-19T11:14:12.0884436Z > Run with --scan to get full insights.
build	Build Debug APK	2026-02-19T11:14:12.0884907Z > Get more help at https://help.gradle.org.
build	Build Debug APK	2026-02-19T11:14:12.0885230Z 
build	Build Debug APK	2026-02-19T11:14:12.0885352Z * Exception is:
build	Build Debug APK	2026-02-19T11:14:12.0886022Z org.gradle.api.tasks.TaskExecutionException: Execution failed for task ':app:compileDebugKotlin'.
build	Build Debug APK	2026-02-19T11:14:12.0887529Z 	at org.gradle.api.internal.tasks.execution.ExecuteActionsTaskExecuter.lambda$executeIfValid$1(ExecuteActionsTaskExecuter.java:130)
build	Build Debug APK	2026-02-19T11:14:12.0888807Z 	at org.gradle.internal.Try$Failure.ifSuccessfulOrElse(Try.java:282)
build	Build Debug APK	2026-02-19T11:14:12.0890030Z 	at org.gradle.api.internal.tasks.execution.ExecuteActionsTaskExecuter.executeIfValid(ExecuteActionsTaskExecuter.java:128)
build	Build Debug APK	2026-02-19T11:14:12.0891610Z 	at org.gradle.api.internal.tasks.execution.ExecuteActionsTaskExecuter.execute(ExecuteActionsTaskExecuter.java:116)
build	Build Debug APK	2026-02-19T11:14:12.0893206Z 	at org.gradle.api.internal.tasks.execution.FinalizePropertiesTaskExecuter.execute(FinalizePropertiesTaskExecuter.java:46)
build	Build Debug APK	2026-02-19T11:14:12.0895005Z 	at org.gradle.api.internal.tasks.execution.ResolveTaskExecutionModeExecuter.execute(ResolveTaskExecutionModeExecuter.java:51)
build	Build Debug APK	2026-02-19T11:14:12.0896728Z 	at org.gradle.api.internal.tasks.execution.SkipTaskWithNoActionsExecuter.execute(SkipTaskWithNoActionsExecuter.java:57)
build	Build Debug APK	2026-02-19T11:14:12.0898307Z 	at org.gradle.api.internal.tasks.execution.SkipOnlyIfTaskExecuter.execute(SkipOnlyIfTaskExecuter.java:74)
build	Build Debug APK	2026-02-19T11:14:12.0899823Z 	at org.gradle.api.internal.tasks.execution.CatchExceptionTaskExecuter.execute(CatchExceptionTaskExecuter.java:36)
build	Build Debug APK	2026-02-19T11:14:12.0901373Z 	at org.gradle.api.internal.tasks.execution.EventFiringTaskExecuter$1.executeTask(EventFiringTaskExecuter.java:77)
build	Build Debug APK	2026-02-19T11:14:12.0902856Z 	at org.gradle.api.internal.tasks.execution.EventFiringTaskExecuter$1.call(EventFiringTaskExecuter.java:55)
build	Build Debug APK	2026-02-19T11:14:12.0936607Z 	at org.gradle.api.internal.tasks.execution.EventFiringTaskExecuter$1.call(EventFiringTaskExecuter.java:52)
build	Build Debug APK	2026-02-19T11:14:12.0938315Z 	at org.gradle.internal.operations.DefaultBuildOperationRunner$CallableBuildOperationWorker.execute(DefaultBuildOperationRunner.java:200)
build	Build Debug APK	2026-02-19T11:14:12.0940213Z 	at org.gradle.internal.operations.DefaultBuildOperationRunner$CallableBuildOperationWorker.execute(DefaultBuildOperationRunner.java:195)
build	Build Debug APK	2026-02-19T11:14:12.0942232Z 	at org.gradle.internal.operations.DefaultBuildOperationRunner$2.execute(DefaultBuildOperationRunner.java:66)
build	Build Debug APK	2026-02-19T11:14:12.0943671Z 	at org.gradle.internal.operations.DefaultBuildOperationRunner$2.execute(DefaultBuildOperationRunner.java:59)
build	Build Debug APK	2026-02-19T11:14:12.0945310Z 	at org.gradle.internal.operations.DefaultBuildOperationRunner.execute(DefaultBuildOperationRunner.java:157)
build	Build Debug APK	2026-02-19T11:14:12.0949366Z 	at org.gradle.internal.operations.DefaultBuildOperationRunner.execute(DefaultBuildOperationRunner.java:59)
build	Build Debug APK	2026-02-19T11:14:12.0950777Z 	at org.gradle.internal.operations.DefaultBuildOperationRunner.call(DefaultBuildOperationRunner.java:53)
build	Build Debug APK	2026-02-19T11:14:12.0952152Z 	at org.gradle.internal.operations.DefaultBuildOperationExecutor.call(DefaultBuildOperationExecutor.java:73)
build	Build Debug APK	2026-02-19T11:14:12.0953548Z 	at org.gradle.api.internal.tasks.execution.EventFiringTaskExecuter.execute(EventFiringTaskExecuter.java:52)
build	Build Debug APK	2026-02-19T11:14:12.0995010Z 	at org.gradle.execution.plan.LocalTaskNodeExecutor.execute(LocalTaskNodeExecutor.java:42)
build	Build Debug APK	2026-02-19T11:14:12.0996528Z 	at org.gradle.execution.taskgraph.DefaultTaskExecutionGraph$InvokeNodeExecutorsAction.execute(DefaultTaskExecutionGraph.java:331)
build	Build Debug APK	2026-02-19T11:14:12.0998283Z 	at org.gradle.execution.taskgraph.DefaultTaskExecutionGraph$InvokeNodeExecutorsAction.execute(DefaultTaskExecutionGraph.java:318)
build	Build Debug APK	2026-02-19T11:14:12.1000114Z 	at org.gradle.execution.taskgraph.DefaultTaskExecutionGraph$BuildOperationAwareExecutionAction.lambda$execute$0(DefaultTaskExecutionGraph.java:314)
build	Build Debug APK	2026-02-19T11:14:12.1001854Z 	at org.gradle.internal.operations.CurrentBuildOperationRef.with(CurrentBuildOperationRef.java:80)
build	Build Debug APK	2026-02-19T11:14:12.1003548Z 	at org.gradle.execution.taskgraph.DefaultTaskExecutionGraph$BuildOperationAwareExecutionAction.execute(DefaultTaskExecutionGraph.java:314)
build	Build Debug APK	2026-02-19T11:14:12.1005779Z 	at org.gradle.execution.taskgraph.DefaultTaskExecutionGraph$BuildOperationAwareExecutionAction.execute(DefaultTaskExecutionGraph.java:303)
build	Build Debug APK	2026-02-19T11:14:12.1007427Z 	at org.gradle.execution.plan.DefaultPlanExecutor$ExecutorWorker.execute(DefaultPlanExecutor.java:463)
build	Build Debug APK	2026-02-19T11:14:12.1009172Z 	at org.gradle.execution.plan.DefaultPlanExecutor$ExecutorWorker.run(DefaultPlanExecutor.java:380)
build	Build Debug APK	2026-02-19T11:14:12.1010490Z 	at org.gradle.internal.concurrent.ExecutorPolicy$CatchAndRecordFailures.onExecute(ExecutorPolicy.java:64)
build	Build Debug APK	2026-02-19T11:14:12.1021048Z 	at org.gradle.internal.concurrent.AbstractManagedExecutor$1.run(AbstractManagedExecutor.java:47)
build	Build Debug APK	2026-02-19T11:14:12.1023367Z Caused by: org.gradle.workers.internal.DefaultWorkerExecutor$WorkExecutionException: A failure occurred while executing org.jetbrains.kotlin.compilerRunner.GradleCompilerRunnerWithWorkers$GradleKotlinCompilerWorkAction
build	Build Debug APK	2026-02-19T11:14:12.1025977Z 	at org.gradle.workers.internal.DefaultWorkerExecutor$WorkItemExecution.waitForCompletion(DefaultWorkerExecutor.java:287)
build	Build Debug APK	2026-02-19T11:14:12.1027667Z 	at org.gradle.internal.work.DefaultAsyncWorkTracker.lambda$waitForItemsAndGatherFailures$2(DefaultAsyncWorkTracker.java:130)
build	Build Debug APK	2026-02-19T11:14:12.1028964Z 	at org.gradle.internal.Factories$1.create(Factories.java:31)
build	Build Debug APK	2026-02-19T11:14:12.1029987Z 	at org.gradle.internal.work.DefaultWorkerLeaseService.withoutLocks(DefaultWorkerLeaseService.java:336)
build	Build Debug APK	2026-02-19T11:14:12.1031352Z 	at org.gradle.internal.work.DefaultWorkerLeaseService.withoutLocks(DefaultWorkerLeaseService.java:319)
build	Build Debug APK	2026-02-19T11:14:12.1032703Z 	at org.gradle.internal.work.DefaultWorkerLeaseService.withoutLock(DefaultWorkerLeaseService.java:324)
build	Build Debug APK	2026-02-19T11:14:12.1034384Z 	at org.gradle.internal.work.DefaultAsyncWorkTracker.waitForItemsAndGatherFailures(DefaultAsyncWorkTracker.java:126)
build	Build Debug APK	2026-02-19T11:14:12.1036004Z 	at org.gradle.internal.work.DefaultAsyncWorkTracker.waitForItemsAndGatherFailures(DefaultAsyncWorkTracker.java:92)
build	Build Debug APK	2026-02-19T11:14:12.1074696Z 	at org.gradle.internal.work.DefaultAsyncWorkTracker.waitForAll(DefaultAsyncWorkTracker.java:78)
build	Build Debug APK	2026-02-19T11:14:12.1076513Z 	at org.gradle.internal.work.DefaultAsyncWorkTracker.waitForCompletion(DefaultAsyncWorkTracker.java:66)
build	Build Debug APK	2026-02-19T11:14:12.1077754Z 	at org.gradle.api.internal.tasks.execution.TaskExecution$3.run(TaskExecution.java:252)
build	Build Debug APK	2026-02-19T11:14:12.1079022Z 	at org.gradle.internal.operations.DefaultBuildOperationRunner$1.execute(DefaultBuildOperationRunner.java:29)
build	Build Debug APK	2026-02-19T11:14:12.1080485Z 	at org.gradle.internal.operations.DefaultBuildOperationRunner$1.execute(DefaultBuildOperationRunner.java:26)
build	Build Debug APK	2026-02-19T11:14:12.1082111Z 	at org.gradle.internal.operations.DefaultBuildOperationRunner$2.execute(DefaultBuildOperationRunner.java:66)
build	Build Debug APK	2026-02-19T11:14:12.1083547Z 	at org.gradle.internal.operations.DefaultBuildOperationRunner$2.execute(DefaultBuildOperationRunner.java:59)
build	Build Debug APK	2026-02-19T11:14:12.1086159Z 	at org.gradle.internal.operations.DefaultBuildOperationRunner.execute(DefaultBuildOperationRunner.java:157)
build	Build Debug APK	2026-02-19T11:14:12.1087603Z 	at org.gradle.internal.operations.DefaultBuildOperationRunner.execute(DefaultBuildOperationRunner.java:59)
build	Build Debug APK	2026-02-19T11:14:12.1088994Z 	at org.gradle.internal.operations.DefaultBuildOperationRunner.run(DefaultBuildOperationRunner.java:47)
build	Build Debug APK	2026-02-19T11:14:12.1090370Z 	at org.gradle.internal.operations.DefaultBuildOperationExecutor.run(DefaultBuildOperationExecutor.java:68)
build	Build Debug APK	2026-02-19T11:14:12.1091749Z 	at org.gradle.api.internal.tasks.execution.TaskExecution.executeAction(TaskExecution.java:229)
build	Build Debug APK	2026-02-19T11:14:12.1092979Z 	at org.gradle.api.internal.tasks.execution.TaskExecution.executeActions(TaskExecution.java:212)
build	Build Debug APK	2026-02-19T11:14:12.1094634Z 	at org.gradle.api.internal.tasks.execution.TaskExecution.executeWithPreviousOutputFiles(TaskExecution.java:195)
build	Build Debug APK	2026-02-19T11:14:12.1095987Z 	at org.gradle.api.internal.tasks.execution.TaskExecution.execute(TaskExecution.java:162)
build	Build Debug APK	2026-02-19T11:14:12.1097120Z 	at org.gradle.internal.execution.steps.ExecuteStep.executeInternal(ExecuteStep.java:105)
build	Build Debug APK	2026-02-19T11:14:12.1098224Z 	at org.gradle.internal.execution.steps.ExecuteStep.access$000(ExecuteStep.java:44)
build	Build Debug APK	2026-02-19T11:14:12.1099219Z 	at org.gradle.internal.execution.steps.ExecuteStep$1.call(ExecuteStep.java:59)
build	Build Debug APK	2026-02-19T11:14:12.1100161Z 	at org.gradle.internal.execution.steps.ExecuteStep$1.call(ExecuteStep.java:56)
build	Build Debug APK	2026-02-19T11:14:12.1101569Z 	at org.gradle.internal.operations.DefaultBuildOperationRunner$CallableBuildOperationWorker.execute(DefaultBuildOperationRunner.java:200)
build	Build Debug APK	2026-02-19T11:14:12.1103456Z 	at org.gradle.internal.operations.DefaultBuildOperationRunner$CallableBuildOperationWorker.execute(DefaultBuildOperationRunner.java:195)
build	Build Debug APK	2026-02-19T11:14:12.1108135Z 	at org.gradle.internal.operations.DefaultBuildOperationRunner$2.execute(DefaultBuildOperationRunner.java:66)
build	Build Debug APK	2026-02-19T11:14:12.1109574Z 	at org.gradle.internal.operations.DefaultBuildOperationRunner$2.execute(DefaultBuildOperationRunner.java:59)
build	Build Debug APK	2026-02-19T11:14:12.1111009Z 	at org.gradle.internal.operations.DefaultBuildOperationRunner.execute(DefaultBuildOperationRunner.java:157)
build	Build Debug APK	2026-02-19T11:14:12.1112461Z 	at org.gradle.internal.operations.DefaultBuildOperationRunner.execute(DefaultBuildOperationRunner.java:59)
build	Build Debug APK	2026-02-19T11:14:12.1114090Z 	at org.gradle.internal.operations.DefaultBuildOperationRunner.call(DefaultBuildOperationRunner.java:53)
build	Build Debug APK	2026-02-19T11:14:12.1115549Z 	at org.gradle.internal.operations.DefaultBuildOperationExecutor.call(DefaultBuildOperationExecutor.java:73)
build	Build Debug APK	2026-02-19T11:14:12.1116793Z 	at org.gradle.internal.execution.steps.ExecuteStep.execute(ExecuteStep.java:56)
build	Build Debug APK	2026-02-19T11:14:12.1117777Z 	at org.gradle.internal.execution.steps.ExecuteStep.execute(ExecuteStep.java:44)
build	Build Debug APK	2026-02-19T11:14:12.1118924Z 	at org.gradle.internal.execution.steps.CancelExecutionStep.execute(CancelExecutionStep.java:41)
build	Build Debug APK	2026-02-19T11:14:12.1120207Z 	at org.gradle.internal.execution.steps.TimeoutStep.executeWithoutTimeout(TimeoutStep.java:74)
build	Build Debug APK	2026-02-19T11:14:12.1121344Z 	at org.gradle.internal.execution.steps.TimeoutStep.execute(TimeoutStep.java:55)
build	Build Debug APK	2026-02-19T11:14:12.1122831Z 	at org.gradle.internal.execution.steps.PreCreateOutputParentsStep.execute(PreCreateOutputParentsStep.java:50)
build	Build Debug APK	2026-02-19T11:14:12.1124554Z 	at org.gradle.internal.execution.steps.PreCreateOutputParentsStep.execute(PreCreateOutputParentsStep.java:28)
build	Build Debug APK	2026-02-19T11:14:12.1126072Z 	at org.gradle.internal.execution.steps.RemovePreviousOutputsStep.execute(RemovePreviousOutputsStep.java:67)
build	Build Debug APK	2026-02-19T11:14:12.1127793Z 	at org.gradle.internal.execution.steps.RemovePreviousOutputsStep.execute(RemovePreviousOutputsStep.java:37)
build	Build Debug APK	2026-02-19T11:14:12.1129502Z 	at org.gradle.internal.execution.steps.BroadcastChangingOutputsStep.execute(BroadcastChangingOutputsStep.java:61)
build	Build Debug APK	2026-02-19T11:14:12.1131054Z 	at org.gradle.internal.execution.steps.BroadcastChangingOutputsStep.execute(BroadcastChangingOutputsStep.java:26)
build	Build Debug APK	2026-02-19T11:14:12.1133061Z 	at org.gradle.internal.execution.steps.CaptureOutputsAfterExecutionStep.execute(CaptureOutputsAfterExecutionStep.java:67)
build	Build Debug APK	2026-02-19T11:14:12.1135026Z 	at org.gradle.internal.execution.steps.CaptureOutputsAfterExecutionStep.execute(CaptureOutputsAfterExecutionStep.java:45)
build	Build Debug APK	2026-02-19T11:14:12.1136617Z 	at org.gradle.internal.execution.steps.ResolveInputChangesStep.execute(ResolveInputChangesStep.java:40)
build	Build Debug APK	2026-02-19T11:14:12.1138029Z 	at org.gradle.internal.execution.steps.ResolveInputChangesStep.execute(ResolveInputChangesStep.java:29)
build	Build Debug APK	2026-02-19T11:14:12.1139416Z 	at org.gradle.internal.execution.steps.BuildCacheStep.executeWithoutCache(BuildCacheStep.java:189)
build	Build Debug APK	2026-02-19T11:14:12.1140672Z 	at org.gradle.internal.execution.steps.BuildCacheStep.lambda$execute$1(BuildCacheStep.java:75)
build	Build Debug APK	2026-02-19T11:14:12.1141610Z 	at org.gradle.internal.Either$Right.fold(Either.java:175)
build	Build Debug APK	2026-02-19T11:14:12.1142425Z 	at org.gradle.internal.execution.caching.CachingState.fold(CachingState.java:62)
build	Build Debug APK	2026-02-19T11:14:12.1143455Z 	at org.gradle.internal.execution.steps.BuildCacheStep.execute(BuildCacheStep.java:73)
build	Build Debug APK	2026-02-19T11:14:12.1144688Z 	at org.gradle.internal.execution.steps.BuildCacheStep.execute(BuildCacheStep.java:48)
build	Build Debug APK	2026-02-19T11:14:12.1145898Z 	at org.gradle.internal.execution.steps.StoreExecutionStateStep.execute(StoreExecutionStateStep.java:46)
build	Build Debug APK	2026-02-19T11:14:12.1147240Z 	at org.gradle.internal.execution.steps.StoreExecutionStateStep.execute(StoreExecutionStateStep.java:35)
build	Build Debug APK	2026-02-19T11:14:12.1148533Z 	at org.gradle.internal.execution.steps.SkipUpToDateStep.executeBecause(SkipUpToDateStep.java:76)
build	Build Debug APK	2026-02-19T11:14:12.1149772Z 	at org.gradle.internal.execution.steps.SkipUpToDateStep.lambda$execute$2(SkipUpToDateStep.java:54)
build	Build Debug APK	2026-02-19T11:14:12.1150954Z 	at org.gradle.internal.execution.steps.SkipUpToDateStep.execute(SkipUpToDateStep.java:54)
build	Build Debug APK	2026-02-19T11:14:12.1152065Z 	at org.gradle.internal.execution.steps.SkipUpToDateStep.execute(SkipUpToDateStep.java:36)
build	Build Debug APK	2026-02-19T11:14:12.1153564Z 	at org.gradle.internal.execution.steps.legacy.MarkSnapshottingInputsFinishedStep.execute(MarkSnapshottingInputsFinishedStep.java:37)
build	Build Debug APK	2026-02-19T11:14:12.1155693Z 	at org.gradle.internal.execution.steps.legacy.MarkSnapshottingInputsFinishedStep.execute(MarkSnapshottingInputsFinishedStep.java:27)
build	Build Debug APK	2026-02-19T11:14:12.1157701Z 	at org.gradle.internal.execution.steps.ResolveIncrementalCachingStateStep.executeDelegate(ResolveIncrementalCachingStateStep.java:49)
build	Build Debug APK	2026-02-19T11:14:12.1159625Z 	at org.gradle.internal.execution.steps.ResolveIncrementalCachingStateStep.executeDelegate(ResolveIncrementalCachingStateStep.java:27)
build	Build Debug APK	2026-02-19T11:14:12.1161439Z 	at org.gradle.internal.execution.steps.AbstractResolveCachingStateStep.execute(AbstractResolveCachingStateStep.java:71)
build	Build Debug APK	2026-02-19T11:14:12.1163128Z 	at org.gradle.internal.execution.steps.AbstractResolveCachingStateStep.execute(AbstractResolveCachingStateStep.java:39)
build	Build Debug APK	2026-02-19T11:14:12.1164812Z 	at org.gradle.internal.execution.steps.ResolveChangesStep.execute(ResolveChangesStep.java:65)
build	Build Debug APK	2026-02-19T11:14:12.1166038Z 	at org.gradle.internal.execution.steps.ResolveChangesStep.execute(ResolveChangesStep.java:36)
build	Build Debug APK	2026-02-19T11:14:12.1167160Z 	at org.gradle.internal.execution.steps.ValidateStep.execute(ValidateStep.java:106)
build	Build Debug APK	2026-02-19T11:14:12.1168411Z 	at org.gradle.internal.execution.steps.ValidateStep.execute(ValidateStep.java:55)
build	Build Debug APK	2026-02-19T11:14:12.1169912Z 	at org.gradle.internal.execution.steps.AbstractCaptureStateBeforeExecutionStep.execute(AbstractCaptureStateBeforeExecutionStep.java:64)
build	Build Debug APK	2026-02-19T11:14:12.1171893Z 	at org.gradle.internal.execution.steps.AbstractCaptureStateBeforeExecutionStep.execute(AbstractCaptureStateBeforeExecutionStep.java:43)
build	Build Debug APK	2026-02-19T11:14:12.1174190Z 	at org.gradle.internal.execution.steps.AbstractSkipEmptyWorkStep.executeWithNonEmptySources(AbstractSkipEmptyWorkStep.java:125)
build	Build Debug APK	2026-02-19T11:14:12.1175858Z 	at org.gradle.internal.execution.steps.AbstractSkipEmptyWorkStep.execute(AbstractSkipEmptyWorkStep.java:61)
build	Build Debug APK	2026-02-19T11:14:12.1177375Z 	at org.gradle.internal.execution.steps.AbstractSkipEmptyWorkStep.execute(AbstractSkipEmptyWorkStep.java:36)
build	Build Debug APK	2026-02-19T11:14:12.1179095Z 	at org.gradle.internal.execution.steps.legacy.MarkSnapshottingInputsStartedStep.execute(MarkSnapshottingInputsStartedStep.java:38)
build	Build Debug APK	2026-02-19T11:14:12.1180907Z 	at org.gradle.internal.execution.steps.LoadPreviousExecutionStateStep.execute(LoadPreviousExecutionStateStep.java:36)
build	Build Debug APK	2026-02-19T11:14:12.1208463Z 	at org.gradle.internal.execution.steps.LoadPreviousExecutionStateStep.execute(LoadPreviousExecutionStateStep.java:23)
build	Build Debug APK	2026-02-19T11:14:12.1209884Z 	at org.gradle.internal.execution.steps.HandleStaleOutputsStep.execute(HandleStaleOutputsStep.java:75)
build	Build Debug APK	2026-02-19T11:14:12.1211249Z 	at org.gradle.internal.execution.steps.HandleStaleOutputsStep.execute(HandleStaleOutputsStep.java:41)
build	Build Debug APK	2026-02-19T11:14:12.1212734Z 	at org.gradle.internal.execution.steps.AssignMutableWorkspaceStep.lambda$execute$0(AssignMutableWorkspaceStep.java:35)
build	Build Debug APK	2026-02-19T11:14:12.1214363Z 	at org.gradle.api.internal.tasks.execution.TaskExecution$4.withWorkspace(TaskExecution.java:289)
build	Build Debug APK	2026-02-19T11:14:12.1215739Z 	at org.gradle.internal.execution.steps.AssignMutableWorkspaceStep.execute(AssignMutableWorkspaceStep.java:31)
build	Build Debug APK	2026-02-19T11:14:12.1217238Z 	at org.gradle.internal.execution.steps.AssignMutableWorkspaceStep.execute(AssignMutableWorkspaceStep.java:22)
build	Build Debug APK	2026-02-19T11:14:12.1218961Z 	at org.gradle.internal.execution.steps.ChoosePipelineStep.execute(ChoosePipelineStep.java:40)
build	Build Debug APK	2026-02-19T11:14:12.1220193Z 	at org.gradle.internal.execution.steps.ChoosePipelineStep.execute(ChoosePipelineStep.java:23)
build	Build Debug APK	2026-02-19T11:14:12.1221792Z 	at org.gradle.internal.execution.steps.ExecuteWorkBuildOperationFiringStep.lambda$execute$2(ExecuteWorkBuildOperationFiringStep.java:67)
build	Build Debug APK	2026-02-19T11:14:12.1223697Z 	at org.gradle.internal.execution.steps.ExecuteWorkBuildOperationFiringStep.execute(ExecuteWorkBuildOperationFiringStep.java:67)
build	Build Debug APK	2026-02-19T11:14:12.1225703Z 	at org.gradle.internal.execution.steps.ExecuteWorkBuildOperationFiringStep.execute(ExecuteWorkBuildOperationFiringStep.java:39)
build	Build Debug APK	2026-02-19T11:14:12.1227215Z 	at org.gradle.internal.execution.steps.IdentityCacheStep.execute(IdentityCacheStep.java:46)
build	Build Debug APK	2026-02-19T11:14:12.1228403Z 	at org.gradle.internal.execution.steps.IdentityCacheStep.execute(IdentityCacheStep.java:34)
build	Build Debug APK	2026-02-19T11:14:12.1229502Z 	at org.gradle.internal.execution.steps.IdentifyStep.execute(IdentifyStep.java:48)
build	Build Debug APK	2026-02-19T11:14:12.1230522Z 	at org.gradle.internal.execution.steps.IdentifyStep.execute(IdentifyStep.java:35)
build	Build Debug APK	2026-02-19T11:14:12.1231688Z 	at org.gradle.internal.execution.impl.DefaultExecutionEngine$1.execute(DefaultExecutionEngine.java:61)
build	Build Debug APK	2026-02-19T11:14:12.1233200Z 	at org.gradle.api.internal.tasks.execution.ExecuteActionsTaskExecuter.executeIfValid(ExecuteActionsTaskExecuter.java:127)
build	Build Debug APK	2026-02-19T11:14:12.1235052Z 	at org.gradle.api.internal.tasks.execution.ExecuteActionsTaskExecuter.execute(ExecuteActionsTaskExecuter.java:116)
build	Build Debug APK	2026-02-19T11:14:12.1236668Z 	at org.gradle.api.internal.tasks.execution.FinalizePropertiesTaskExecuter.execute(FinalizePropertiesTaskExecuter.java:46)
build	Build Debug APK	2026-02-19T11:14:12.1238388Z 	at org.gradle.api.internal.tasks.execution.ResolveTaskExecutionModeExecuter.execute(ResolveTaskExecutionModeExecuter.java:51)
build	Build Debug APK	2026-02-19T11:14:12.1240440Z 	at org.gradle.api.internal.tasks.execution.SkipTaskWithNoActionsExecuter.execute(SkipTaskWithNoActionsExecuter.java:57)
build	Build Debug APK	2026-02-19T11:14:12.1242024Z 	at org.gradle.api.internal.tasks.execution.SkipOnlyIfTaskExecuter.execute(SkipOnlyIfTaskExecuter.java:74)
build	Build Debug APK	2026-02-19T11:14:12.1243545Z 	at org.gradle.api.internal.tasks.execution.CatchExceptionTaskExecuter.execute(CatchExceptionTaskExecuter.java:36)
build	Build Debug APK	2026-02-19T11:14:12.1245469Z 	at org.gradle.api.internal.tasks.execution.EventFiringTaskExecuter$1.executeTask(EventFiringTaskExecuter.java:77)
build	Build Debug APK	2026-02-19T11:14:12.1246894Z 	at org.gradle.api.internal.tasks.execution.EventFiringTaskExecuter$1.call(EventFiringTaskExecuter.java:55)
build	Build Debug APK	2026-02-19T11:14:12.1248270Z 	at org.gradle.api.internal.tasks.execution.EventFiringTaskExecuter$1.call(EventFiringTaskExecuter.java:52)
build	Build Debug APK	2026-02-19T11:14:12.1249883Z 	at org.gradle.internal.operations.DefaultBuildOperationRunner$CallableBuildOperationWorker.execute(DefaultBuildOperationRunner.java:200)
build	Build Debug APK	2026-02-19T11:14:12.1252111Z 	at org.gradle.internal.operations.DefaultBuildOperationRunner$CallableBuildOperationWorker.execute(DefaultBuildOperationRunner.java:195)
build	Build Debug APK	2026-02-19T11:14:12.1264548Z 	at org.gradle.internal.operations.DefaultBuildOperationRunner$2.execute(DefaultBuildOperationRunner.java:66)
build	Build Debug APK	2026-02-19T11:14:12.1266136Z 	at org.gradle.internal.operations.DefaultBuildOperationRunner$2.execute(DefaultBuildOperationRunner.java:59)
build	Build Debug APK	2026-02-19T11:14:12.1267645Z 	at org.gradle.internal.operations.DefaultBuildOperationRunner.execute(DefaultBuildOperationRunner.java:157)
build	Build Debug APK	2026-02-19T11:14:12.1269116Z 	at org.gradle.internal.operations.DefaultBuildOperationRunner.execute(DefaultBuildOperationRunner.java:59)
build	Build Debug APK	2026-02-19T11:14:12.1270579Z 	at org.gradle.internal.operations.DefaultBuildOperationRunner.call(DefaultBuildOperationRunner.java:53)
build	Build Debug APK	2026-02-19T11:14:12.1272018Z 	at org.gradle.internal.operations.DefaultBuildOperationExecutor.call(DefaultBuildOperationExecutor.java:73)
build	Build Debug APK	2026-02-19T11:14:12.1273469Z 	at org.gradle.api.internal.tasks.execution.EventFiringTaskExecuter.execute(EventFiringTaskExecuter.java:52)
build	Build Debug APK	2026-02-19T11:14:12.1274932Z 	at org.gradle.execution.plan.LocalTaskNodeExecutor.execute(LocalTaskNodeExecutor.java:42)
build	Build Debug APK	2026-02-19T11:14:12.1276380Z 	at org.gradle.execution.taskgraph.DefaultTaskExecutionGraph$InvokeNodeExecutorsAction.execute(DefaultTaskExecutionGraph.java:331)
build	Build Debug APK	2026-02-19T11:14:12.1278211Z 	at org.gradle.execution.taskgraph.DefaultTaskExecutionGraph$InvokeNodeExecutorsAction.execute(DefaultTaskExecutionGraph.java:318)
build	Build Debug APK	2026-02-19T11:14:12.1280121Z 	at org.gradle.execution.taskgraph.DefaultTaskExecutionGraph$BuildOperationAwareExecutionAction.lambda$execute$0(DefaultTaskExecutionGraph.java:314)
build	Build Debug APK	2026-02-19T11:14:12.1281796Z 	at org.gradle.internal.operations.CurrentBuildOperationRef.with(CurrentBuildOperationRef.java:80)
build	Build Debug APK	2026-02-19T11:14:12.1283414Z 	at org.gradle.execution.taskgraph.DefaultTaskExecutionGraph$BuildOperationAwareExecutionAction.execute(DefaultTaskExecutionGraph.java:314)
build	Build Debug APK	2026-02-19T11:14:12.1285676Z 	at org.gradle.execution.taskgraph.DefaultTaskExecutionGraph$BuildOperationAwareExecutionAction.execute(DefaultTaskExecutionGraph.java:303)
build	Build Debug APK	2026-02-19T11:14:12.1287260Z 	at org.gradle.execution.plan.DefaultPlanExecutor$ExecutorWorker.execute(DefaultPlanExecutor.java:463)
build	Build Debug APK	2026-02-19T11:14:12.1288515Z 	at org.gradle.execution.plan.DefaultPlanExecutor$ExecutorWorker.run(DefaultPlanExecutor.java:380)
build	Build Debug APK	2026-02-19T11:14:12.1289787Z 	at org.gradle.internal.concurrent.ExecutorPolicy$CatchAndRecordFailures.onExecute(ExecutorPolicy.java:64)
build	Build Debug APK	2026-02-19T11:14:12.1291213Z 	at org.gradle.internal.concurrent.AbstractManagedExecutor$1.run(AbstractManagedExecutor.java:47)
build	Build Debug APK	2026-02-19T11:14:12.1292742Z Caused by: org.jetbrains.kotlin.gradle.tasks.CompilationErrorException: Compilation error. See log for more details
build	Build Debug APK	2026-02-19T11:14:12.1294340Z 	at org.jetbrains.kotlin.gradle.tasks.TasksUtilsKt.throwExceptionIfCompilationFailed(tasksUtils.kt:21)
build	Build Debug APK	2026-02-19T11:14:12.1295978Z 	at org.jetbrains.kotlin.compilerRunner.GradleKotlinCompilerWork.run(GradleKotlinCompilerWork.kt:119)
build	Build Debug APK	2026-02-19T11:14:12.1297699Z 	at org.jetbrains.kotlin.compilerRunner.GradleCompilerRunnerWithWorkers$GradleKotlinCompilerWorkAction.execute(GradleCompilerRunnerWithWorkers.kt:76)
build	Build Debug APK	2026-02-19T11:14:12.1299324Z 	at org.gradle.workers.internal.DefaultWorkerServer.execute(DefaultWorkerServer.java:63)
build	Build Debug APK	2026-02-19T11:14:12.1300533Z 	at org.gradle.workers.internal.NoIsolationWorkerFactory$1$1.create(NoIsolationWorkerFactory.java:66)
build	Build Debug APK	2026-02-19T11:14:12.1301996Z 	at org.gradle.workers.internal.NoIsolationWorkerFactory$1$1.create(NoIsolationWorkerFactory.java:62)
build	Build Debug APK	2026-02-19T11:14:12.1303384Z 	at org.gradle.internal.classloader.ClassLoaderUtils.executeInClassloader(ClassLoaderUtils.java:100)
build	Build Debug APK	2026-02-19T11:14:12.1304931Z 	at org.gradle.workers.internal.NoIsolationWorkerFactory$1.lambda$execute$0(NoIsolationWorkerFactory.java:62)
build	Build Debug APK	2026-02-19T11:14:12.1306099Z 	at org.gradle.workers.internal.AbstractWorker$1.call(AbstractWorker.java:44)
build	Build Debug APK	2026-02-19T11:14:12.1307002Z 	at org.gradle.workers.internal.AbstractWorker$1.call(AbstractWorker.java:41)
build	Build Debug APK	2026-02-19T11:14:12.1308376Z 	at org.gradle.internal.operations.DefaultBuildOperationRunner$CallableBuildOperationWorker.execute(DefaultBuildOperationRunner.java:200)
build	Build Debug APK	2026-02-19T11:14:12.1310300Z 	at org.gradle.internal.operations.DefaultBuildOperationRunner$CallableBuildOperationWorker.execute(DefaultBuildOperationRunner.java:195)
build	Build Debug APK	2026-02-19T11:14:12.1311955Z 	at org.gradle.internal.operations.DefaultBuildOperationRunner$2.execute(DefaultBuildOperationRunner.java:66)
build	Build Debug APK	2026-02-19T11:14:12.1313426Z 	at org.gradle.internal.operations.DefaultBuildOperationRunner$2.execute(DefaultBuildOperationRunner.java:59)
build	Build Debug APK	2026-02-19T11:14:12.1329790Z 	at org.gradle.internal.operations.DefaultBuildOperationRunner.execute(DefaultBuildOperationRunner.java:157)
build	Build Debug APK	2026-02-19T11:14:12.1331251Z 	at org.gradle.internal.operations.DefaultBuildOperationRunner.execute(DefaultBuildOperationRunner.java:59)
build	Build Debug APK	2026-02-19T11:14:12.1332658Z 	at org.gradle.internal.operations.DefaultBuildOperationRunner.call(DefaultBuildOperationRunner.java:53)
build	Build Debug APK	2026-02-19T11:14:12.1334264Z 	at org.gradle.internal.operations.DefaultBuildOperationExecutor.call(DefaultBuildOperationExecutor.java:73)
build	Build Debug APK	2026-02-19T11:14:12.1335659Z 	at org.gradle.workers.internal.AbstractWorker.executeWrappedInBuildOperation(AbstractWorker.java:41)
build	Build Debug APK	2026-02-19T11:14:12.1336975Z 	at org.gradle.workers.internal.NoIsolationWorkerFactory$1.execute(NoIsolationWorkerFactory.java:59)
build	Build Debug APK	2026-02-19T11:14:12.1338271Z 	at org.gradle.workers.internal.DefaultWorkerExecutor.lambda$submitWork$0(DefaultWorkerExecutor.java:174)
build	Build Debug APK	2026-02-19T11:14:12.1339825Z 	at org.gradle.internal.work.DefaultConditionalExecutionQueue$ExecutionRunner.runExecution(DefaultConditionalExecutionQueue.java:187)
build	Build Debug APK	2026-02-19T11:14:12.1341600Z 	at org.gradle.internal.work.DefaultConditionalExecutionQueue$ExecutionRunner.access$700(DefaultConditionalExecutionQueue.java:120)
build	Build Debug APK	2026-02-19T11:14:12.1343330Z 	at org.gradle.internal.work.DefaultConditionalExecutionQueue$ExecutionRunner$1.run(DefaultConditionalExecutionQueue.java:162)
build	Build Debug APK	2026-02-19T11:14:12.1344751Z 	at org.gradle.internal.Factories$1.create(Factories.java:31)
build	Build Debug APK	2026-02-19T11:14:12.1345741Z 	at org.gradle.internal.work.DefaultWorkerLeaseService.withLocks(DefaultWorkerLeaseService.java:264)
build	Build Debug APK	2026-02-19T11:14:12.1347113Z 	at org.gradle.internal.work.DefaultWorkerLeaseService.runAsWorkerThread(DefaultWorkerLeaseService.java:128)
build	Build Debug APK	2026-02-19T11:14:12.1348574Z 	at org.gradle.internal.work.DefaultWorkerLeaseService.runAsWorkerThread(DefaultWorkerLeaseService.java:133)
build	Build Debug APK	2026-02-19T11:14:12.1350179Z 	at org.gradle.internal.work.DefaultConditionalExecutionQueue$ExecutionRunner.runBatch(DefaultConditionalExecutionQueue.java:157)
build	Build Debug APK	2026-02-19T11:14:12.1351890Z 	at org.gradle.internal.work.DefaultConditionalExecutionQueue$ExecutionRunner.run(DefaultConditionalExecutionQueue.java:126)
build	Build Debug APK	2026-02-19T11:14:12.1352910Z 	... 2 more
build	Build Debug APK	2026-02-19T11:14:12.1353080Z 
build	Build Debug APK	2026-02-19T11:14:12.1353335Z 
build	Build Debug APK	2026-02-19T11:14:12.1353468Z BUILD FAILED in 5m 7s
build	Build Debug APK	2026-02-19T11:14:12.1354633Z 28 actionable tasks: 27 executed, 1 up-to-date
build	Build Debug APK	2026-02-19T11:14:12.5217727Z ##[error]Process completed with exit code 1.
